// Jest Snapshot v1, https://goo.gl/fbAQLP

exports[`Details component should render the data correctly 1`] = `
<DocumentFragment>
  <div>
    Loading
  </div>
  ,
</DocumentFragment>
`;
